// Jest Snapshot v1, https://goo.gl/fbAQLP

exports[`Snapshot Test: renders without crashing 1`] = `
<div
  className="App"
>
  <h1>
    Simple CRUD App with React-Redux-TS
  </h1>
  <br />
  <br />
  <h4
    className="info"
  >
    Enter User Info
  </h4>
  <div
    className="input-base"
  >
    <p>
      name
    </p>
    <input
      name="name"
      onChange={[Function]}
      type="text"
    />
    <style>
      
    </style>
  </div>
  <div
    className="input-base"
  >
    <p>
      age
    </p>
    <input
      name="age"
      onChange={[Function]}
      type="number"
    />
    <style>
      
    </style>
  </div>
  <button
    onClick={[Function]}
  >
    Add
  </button>
  <br />
  <br />
  <style>
    
  </style>
</div>
`;
